R-RFM: Running RFM v5.30_18AUG
I-OPNFIL: Opening file: rfm.drv
  *HDR
*HDR
  !    Header for rfm
*FLG
 I-DRVFLG: Enabled flags:  TAB  CTM
*SPC
I-SPCCHK: Label=         Range, Resln=  1900.00000  2000.00000     0.10000
*GAS
 I-DRVGAS: Using gases:  so2  co2  h2o  h2
*ATM
I-OPNFIL: Opening file: rfm.atm
  80
I-ATMFIL: Set Altitude grid: 80 profile levels from 0.500    :99.5      [km]
  *PRE
  *TEM
  *H2O
  *SO2
  *H2
  *CO2
W-ATMCHK: Total VMR > 1ppv adding GAS=h2 at HGT=0.500     km
W-ATMCHK: Total VMR > 1ppv adding GAS=h2 at HGT=1.75      km
W-ATMCHK: Total VMR > 1ppv adding GAS=h2 at HGT=5.51      km
W-ATMCHK: Total VMR > 1ppv adding GAS=h2 at HGT=6.77      km
W-ATMCHK: Total VMR > 1ppv adding GAS=h2 at HGT=10.5      km
W-ATMCHK: Total VMR > 1ppv adding GAS=h2 at HGT=11.8      km
W-ATMCHK: Total VMR > 1ppv adding GAS=h2 at HGT=13.0      km
W-ATMCHK: Total VMR > 1ppv adding GAS=h2 at HGT=19.3      km
W-ATMCHK: Total VMR > 1ppv adding GAS=h2 at HGT=20.6      km
W-ATMCHK: Total VMR > 1ppv adding GAS=h2 at HGT=21.8      km
W-ATMCHK: Total VMR > 1ppv adding GAS=h2 at HGT=23.1      km
W-ATMCHK: Total VMR > 1ppv adding GAS=h2 at HGT=24.3      km
W-ATMCHK: Total VMR > 1ppv adding GAS=h2 at HGT=25.6      km
W-ATMCHK: Total VMR > 1ppv adding GAS=h2 at HGT=26.8      km
W-ATMCHK: Total VMR > 1ppv adding GAS=h2 at HGT=29.3      km
W-ATMCHK: Total VMR > 1ppv adding GAS=h2 at HGT=30.6      km
W-ATMCHK: Total VMR > 1ppv adding GAS=h2 at HGT=33.1      km
W-ATMCHK: Total VMR > 1ppv adding GAS=h2 at HGT=40.6      km
W-ATMCHK: Total VMR > 1ppv adding GAS=h2 at HGT=43.1      km
W-ATMCHK: Total VMR > 1ppv adding GAS=h2 at HGT=44.4      km
W-ATMCHK: Total VMR > 1ppv adding GAS=h2 at HGT=48.1      km
W-ATMCHK: Total VMR > 1ppv adding GAS=h2 at HGT=49.4      km
W-ATMCHK: Total VMR > 1ppv adding GAS=h2 at HGT=50.6      km
W-ATMCHK: Total VMR > 1ppv adding GAS=h2 at HGT=51.9      km
W-ATMCHK: Total VMR > 1ppv adding GAS=h2 at HGT=55.6      km
W-ATMCHK: Total VMR > 1ppv adding GAS=h2 at HGT=59.4      km
W-ATMCHK: Total VMR > 1ppv adding GAS=h2 at HGT=60.7      km
W-ATMCHK: Total VMR > 1ppv adding GAS=h2 at HGT=61.9      km
W-ATMCHK: Total VMR > 1ppv adding GAS=h2 at HGT=63.2      km
W-ATMCHK: Total VMR > 1ppv adding GAS=h2 at HGT=64.4      km
W-ATMCHK: Total VMR > 1ppv adding GAS=h2 at HGT=65.7      km
W-ATMCHK: Total VMR > 1ppv adding GAS=h2 at HGT=68.2      km
W-ATMCHK: Total VMR > 1ppv adding GAS=h2 at HGT=70.7      km
W-ATMCHK: Total VMR > 1ppv adding GAS=h2 at HGT=73.2      km
W-ATMCHK: Total VMR > 1ppv adding GAS=h2 at HGT=74.4      km
W-ATMCHK: Total VMR > 1ppv adding GAS=h2 at HGT=75.7      km
W-ATMCHK: Total VMR > 1ppv adding GAS=h2 at HGT=76.9      km
W-ATMCHK: Total VMR > 1ppv adding GAS=h2 at HGT=79.4      km
W-ATMCHK: Total VMR > 1ppv adding GAS=h2 at HGT=80.7      km
W-ATMCHK: Total VMR > 1ppv adding GAS=h2 at HGT=82.0      km
W-ATMCHK: Total VMR > 1ppv adding GAS=h2 at HGT=84.5      km
W-ATMCHK: Total VMR > 1ppv adding GAS=h2 at HGT=87.0      km
W-ATMCHK: Total VMR > 1ppv adding GAS=h2 at HGT=92.0      km
W-ATMCHK: Total VMR > 1ppv adding GAS=h2 at HGT=95.7      km
W-ATMCHK: Total VMR > 1ppv adding GAS=h2 at HGT=97.0      km
W-ATMCHK: Total VMR > 1ppv adding GAS=h2 at HGT=99.5      km
*DIM
I-DIMPLV: Setting TAB p-axis to pressure levels of internal .atm profile
 p-axis values: 3.04E+03 2.71E+03 2.42E+03 2.15E+03 1.91E+03 1.70E+03 1.51E+03
 1.34E+03 1.18E+03 1.04E+03 922. 813. 716. 629. 553. 485. 425. 372. 326. 285.
 249. 217. 190. 165. 143. 124. 108. 93.2 80.5 69.3 59.7 51.2 43.9 37.6 32.2
 27.5 23.4 20.0 17.0 14.5 12.3 10.4 8.83 7.48 6.33 5.36 4.53 3.83 3.23 2.73
 2.30 1.94 1.64 1.38 1.16 0.979 0.825 0.694 0.584 0.490 0.412 0.347 0.292 0.246
 0.206 0.172 0.143 0.121 0.103 0.0871 0.0733 0.0612 0.0506 0.0414 0.0338 0.0283
 0.0240 0.0203 0.0171 0.0143
 T-axis parameters:
 -100.0000 100.0000
*OUT
I-DRVOUT: User-supplied TAB filename: tab_*.txt
*HIT
I-HITTYP: Opening HITRAN File: HITRAN2020.par
I-HITTYP: Identified as HITRAN 160-character .par file
I-HITFIL: Opening file#1 HITRAN2020.par
*END
I-OPNOUT: Opening output file: tab_so2.txt
I-OPNOUT: Opening output file: tab_co2.txt
I-OPNOUT: Opening output file: tab_h2o.txt
I-OPNOUT: Opening output file: tab_h2.txt
R-RFM: Successful completion
